C51 COMPILER V9.60.7.0   I2C                                                               04/26/2023 19:52:06 PAGE 1   


C51 COMPILER V9.60.7.0, COMPILATION OF MODULE I2C
OBJECT MODULE PLACED IN .\Objects\i2c.obj
COMPILER INVOKED BY: C:\Keil_v5\C51\BIN\C51.EXE i2c.c OPTIMIZE(8,SPEED) BROWSE DEBUG OBJECTEXTEND PRINT(.\Listings\i2c.l
                    -st) TABS(2) OBJECT(.\Objects\i2c.obj)

line level    source

   1          #include<reg51.h>
   2          #include "delay.h"
   3          #include "i2c.h"
   4           
   5          sbit SCL=P1^1;      //SCL Connected to P0.0
   6          sbit SDA=P1^0;      //SDA Connected to P0.1
   7           
   8           
   9          void i2c_Clock(void)
  10          {
  11   1          delay_us(50);
  12   1          SCL = 1;        
  13   1       
  14   1          delay_us(50);        
  15   1          SCL = 0;        
  16   1      }
  17           
  18          // khi start I2C phai hoan thanh het 1 chu ky
  19          void i2c_Start()
  20          {
  21   1          SDA=1;
  22   1          SCL=1;
  23   1          delay_us(50);
  24   1          SDA=0;
  25   1          delay_us(50);
  26   1          SCL=0;
  27   1      }
  28          
  29           
  30          void i2c_Stop(void)
  31          { 
  32   1          SDA=0;                 // Stop processing //
  33   1          SCL=1;                 //clock is 1//
  34   1          delay_us(50);
  35   1          SDA=1;                 //Stopped//
  36   1          delay_us(50);
  37   1          SCL=0;                 //clock signal is 0//
  38   1      }
  39          // gui tung bit 1 
  40          void i2c_Write(unsigned char dat)
  41          {
  42   1          unsigned char i;
  43   1          for(i=0;i<8;i++)         
  44   1           {
  45   2              SDA = dat & 0x80;    
  46   2              i2c_Clock();         
  47   2              dat = dat<<1;
  48   2            }
  49   1              SDA = 1;                 
  50   1      }
  51          
  52          unsigned char i2c_Read(void)
  53          {
  54   1          unsigned char i, dat=0x00;
C51 COMPILER V9.60.7.0   I2C                                                               04/26/2023 19:52:06 PAGE 2   

  55   1       
  56   1          SDA=1;   // gui bit R/W len 1 => mode Read            
  57   1          for(i=0;i<8;i++)       
  58   1          {
  59   2             delay_us(50);
  60   2             SCL = 1;           
  61   2             delay_us(50);
  62   2       
  63   2             dat = dat<<1;       
  64   2             dat = dat | SDA;    
  65   2       
  66   2             SCL = 0;            
  67   2          }
  68   1         return dat;             
  69   1      }
  70          
  71          void i2c_Ack()
  72          {
  73   1          SDA = 0;        
  74   1          i2c_Clock();    
  75   1          SDA = 1;        
  76   1      }
  77          
  78          void i2c_NoAck()
  79          {
  80   1          SDA = 1;        
  81   1         i2c_Clock();     
  82   1          SCL = 1;     
  83   1      }


MODULE INFORMATION:   STATIC OVERLAYABLE
   CODE SIZE        =    161    ----
   CONSTANT SIZE    =   ----    ----
   XDATA SIZE       =   ----    ----
   PDATA SIZE       =   ----    ----
   DATA SIZE        =   ----       4
   IDATA SIZE       =   ----    ----
   BIT SIZE         =   ----    ----
END OF MODULE INFORMATION.


C51 COMPILATION COMPLETE.  0 WARNING(S),  0 ERROR(S)
